[    0.000000] Initializing cgroup subsys cpuset
[    0.000000] Initializing cgroup subsys cpu
[    0.000000] Initializing cgroup subsys cpuacct
[    0.000000] Linux version 4.4.0-96-generic (buildd@lgw01-10) (gcc version 5.4.0 20160609 (Ubuntu 5.4.0-6ubuntu1~16.04.4) ) #119-Ubuntu SMP Tue Sep 12 14:59:54 UTC 2017 (Ubuntu 4.4.0-96.119-generic 4.4.83)
[    0.000000] Command line: BOOT_IMAGE=/boot/vmlinuz-4.4.0-96-generic root=LABEL=cloudimg-rootfs ro console=tty1 console=ttyS0
[    0.000000] KERNEL supported cpus:
[    0.000000]   Intel GenuineIntel
[    0.000000]   AMD AuthenticAMD
[    0.000000]   Centaur CentaurHauls
[    0.000000] x86/fpu: xstate_offset[2]:  576, xstate_sizes[2]:  256
[    0.000000] x86/fpu: Supporting XSAVE feature 0x01: 'x87 floating point registers'
[    0.000000] x86/fpu: Supporting XSAVE feature 0x02: 'SSE registers'
[    0.000000] x86/fpu: Supporting XSAVE feature 0x04: 'AVX registers'
[    0.000000] x86/fpu: Enabled xstate features 0x7, context size is 832 bytes, using 'standard' format.
[    0.000000] x86/fpu: Using 'lazy' FPU context switches.
[    0.000000] e820: BIOS-provided physical RAM map:
[    0.000000] BIOS-e820: [mem 0x0000000000000000-0x000000000009fbff] usable
[    0.000000] BIOS-e820: [mem 0x000000000009fc00-0x000000000009ffff] reserved
[    0.000000] BIOS-e820: [mem 0x00000000000f0000-0x00000000000fffff] reserved
[    0.000000] BIOS-e820: [mem 0x0000000000100000-0x000000001ffeffff] usable
[    0.000000] BIOS-e820: [mem 0x000000001fff0000-0x000000001fffffff] ACPI data
[    0.000000] BIOS-e820: [mem 0x00000000fec00000-0x00000000fec00fff] reserved
[    0.000000] BIOS-e820: [mem 0x00000000fee00000-0x00000000fee00fff] reserved
[    0.000000] BIOS-e820: [mem 0x00000000fffc0000-0x00000000ffffffff] reserved
[    0.000000] NX (Execute Disable) protection: active
[    0.000000] SMBIOS 2.5 present.
[    0.000000] Hypervisor detected: KVM
[    0.000000] e820: last_pfn = 0x1fff0 max_arch_pfn = 0x400000000
[    0.000000] MTRR: Disabled
[    0.000000] x86/PAT: MTRRs disabled, skipping PAT initialization too.
[    0.000000] CPU MTRRs all blank - virtualized system.
[    0.000000] x86/PAT: Configuration [0-7]: WB  WT  UC- UC  WB  WT  UC- UC  
[    0.000000] found SMP MP-table at [mem 0x0009fff0-0x0009ffff] mapped at [ffff88000009fff0]
[    0.000000] Scanning 1 areas for low memory corruption
[    0.000000] RAMDISK: [mem 0x1ed6e000-0x1f7f9fff]
[    0.000000] ACPI: Early table checksum verification disabled
[    0.000000] ACPI: RSDP 0x00000000000E0000 000024 (v02 VBOX  )
[    0.000000] ACPI: XSDT 0x000000001FFF0030 00003C (v01 VBOX   VBOXXSDT 00000001 ASL  00000061)
[    0.000000] ACPI: FACP 0x000000001FFF00F0 0000F4 (v04 VBOX   VBOXFACP 00000001 ASL  00000061)
[    0.000000] ACPI: DSDT 0x000000001FFF0470 0021FF (v02 VBOX   VBOXBIOS 00000002 INTL 20100528)
[    0.000000] ACPI: FACS 0x000000001FFF0200 000040
[    0.000000] ACPI: FACS 0x000000001FFF0200 000040
[    0.000000] ACPI: APIC 0x000000001FFF0240 00005C (v02 VBOX   VBOXAPIC 00000001 ASL  00000061)
[    0.000000] ACPI: SSDT 0x000000001FFF02A0 0001CC (v01 VBOX   VBOXCPUT 00000002 INTL 20100528)
[    0.000000] No NUMA configuration found
[    0.000000] Faking a node at [mem 0x0000000000000000-0x000000001ffeffff]
[    0.000000] NODE_DATA(0) allocated [mem 0x1ffeb000-0x1ffeffff]
[    0.000000] kvm-clock: Using msrs 4b564d01 and 4b564d00
[    0.000000] kvm-clock: cpu 0, msr 0:1ffe3001, primary cpu clock
[    0.000000] kvm-clock: using sched offset of 8311657084 cycles
[    0.000000] clocksource: kvm-clock: mask: 0xffffffffffffffff max_cycles: 0x1cd42e4dffb, max_idle_ns: 881590591483 ns
[    0.000000] Zone ranges:
[    0.000000]   DMA      [mem 0x0000000000001000-0x0000000000ffffff]
[    0.000000]   DMA32    [mem 0x0000000001000000-0x000000001ffeffff]
[    0.000000]   Normal   empty
[    0.000000]   Device   empty
[    0.000000] Movable zone start for each node
[    0.000000] Early memory node ranges
[    0.000000]   node   0: [mem 0x0000000000001000-0x000000000009efff]
[    0.000000]   node   0: [mem 0x0000000000100000-0x000000001ffeffff]
[    0.000000] Initmem setup node 0 [mem 0x0000000000001000-0x000000001ffeffff]
[    0.000000] ACPI: PM-Timer IO Port: 0x4008
[    0.000000] IOAPIC[0]: apic_id 2, version 32, address 0xfec00000, GSI 0-23
[    0.000000] ACPI: INT_SRC_OVR (bus 0 bus_irq 0 global_irq 2 dfl dfl)
[    0.000000] ACPI: INT_SRC_OVR (bus 0 bus_irq 9 global_irq 9 high level)
[    0.000000] Using ACPI (MADT) for SMP configuration information
[    0.000000] smpboot: Allowing 2 CPUs, 0 hotplug CPUs
[    0.000000] PM: Registered nosave memory: [mem 0x00000000-0x00000fff]
[    0.000000] PM: Registered nosave memory: [mem 0x0009f000-0x0009ffff]
[    0.000000] PM: Registered nosave memory: [mem 0x000a0000-0x000effff]
[    0.000000] PM: Registered nosave memory: [mem 0x000f0000-0x000fffff]
[    0.000000] e820: [mem 0x20000000-0xfebfffff] available for PCI devices
[    0.000000] Booting paravirtualized kernel on KVM
[    0.000000] clocksource: refined-jiffies: mask: 0xffffffff max_cycles: 0xffffffff, max_idle_ns: 7645519600211568 ns
[    0.000000] setup_percpu: NR_CPUS:512 nr_cpumask_bits:512 nr_cpu_ids:2 nr_node_ids:1
[    0.000000] PERCPU: Embedded 34 pages/cpu @ffff88001fc00000 s98328 r8192 d32744 u1048576
[    0.000000] PV qspinlock hash table entries: 256 (order: 0, 4096 bytes)
[    0.000000] Built 1 zonelists in Node order, mobility grouping on.  Total pages: 128889
[    0.000000] Policy zone: DMA32
[    0.000000] Kernel command line: BOOT_IMAGE=/boot/vmlinuz-4.4.0-96-generic root=LABEL=cloudimg-rootfs ro console=tty1 console=ttyS0
[    0.000000] PID hash table entries: 2048 (order: 2, 16384 bytes)
[    0.000000] Memory: 485684K/523832K available (8479K kernel code, 1294K rwdata, 3984K rodata, 1492K init, 1316K bss, 38148K reserved, 0K cma-reserved)
[    0.000000] SLUB: HWalign=64, Order=0-3, MinObjects=0, CPUs=2, Nodes=1
[    0.000000] Hierarchical RCU implementation.
[    0.000000] 	Build-time adjustment of leaf fanout to 64.
[    0.000000] 	RCU restricting CPUs from NR_CPUS=512 to nr_cpu_ids=2.
[    0.000000] RCU: Adjusting geometry for rcu_fanout_leaf=64, nr_cpu_ids=2
[    0.000000] NR_IRQS:33024 nr_irqs:440 16
[    0.000000] Console: colour VGA+ 80x25
[    0.000000] console [tty1] enabled
[    0.000000] console [ttyS0] enabled
[    0.000000] tsc: Detected 1800.000 MHz processor
[    2.682717] Calibrating delay loop (skipped) preset value.. 3600.00 BogoMIPS (lpj=7200000)
[    2.716992] pid_max: default: 32768 minimum: 301
[    2.735423] ACPI: Core revision 20150930
[    2.753838] ACPI: 2 ACPI AML tables successfully acquired and loaded
[    2.781458] Security Framework initialized
[    2.801123] Yama: becoming mindful.
[    2.816562] AppArmor: AppArmor initialized
[    2.837020] Dentry cache hash table entries: 65536 (order: 7, 524288 bytes)
[    2.862037] Inode-cache hash table entries: 32768 (order: 6, 262144 bytes)
[    2.887715] Mount-cache hash table entries: 1024 (order: 1, 8192 bytes)
[    2.911698] Mountpoint-cache hash table entries: 1024 (order: 1, 8192 bytes)
[    2.944464] Initializing cgroup subsys io
[    2.972466] Initializing cgroup subsys memory
[    3.007437] Initializing cgroup subsys devices
[    3.025611] Initializing cgroup subsys freezer
[    3.048651] Initializing cgroup subsys net_cls
[    3.072058] Initializing cgroup subsys perf_event
[    3.090973] Initializing cgroup subsys net_prio
[    3.114630] Initializing cgroup subsys hugetlb
[    3.143053] Initializing cgroup subsys pids
[    3.172894] CPU: Physical Processor ID: 0
[    3.189567] CPU: Processor Core ID: 0
[    3.207211] mce: CPU supports 0 MCE banks
[    3.224407] Last level iTLB entries: 4KB 512, 2MB 8, 4MB 8
[    3.245227] Last level dTLB entries: 4KB 512, 2MB 32, 4MB 32, 1GB 0
[    3.302638] Freeing SMP alternatives memory: 32K
[    3.435824] ftrace: allocating 32146 entries in 126 pages
[    3.958755] smpboot: APIC(0) Converting physical 0 to logical package 0
[    3.983903] smpboot: Max logical packages: 1
[    4.006649] x2apic enabled
[    4.024508] Switched APIC routing to physical x2apic.
[    4.066505] ..TIMER: vector=0x30 apic1=0 pin1=2 apic2=-1 pin2=-1
[    4.195872] smpboot: CPU0: Intel(R) Xeon(R) CPU E5-2603 0 @ 1.80GHz (family: 0x6, model: 0x2d, stepping: 0x7)
[    4.257053] Performance Events: unsupported p6 CPU model 45 no PMU driver, software events only.
[    4.309648] KVM setup paravirtual spinlock
[    4.338040] x86: Booting SMP configuration:
[    4.355288] .... node  #0, CPUs:      #1
[    4.380086] kvm-clock: cpu 1, msr 0:1ffe3041, secondary cpu clock
[    4.406688] mce: CPU supports 0 MCE banks
[    4.420472] x86: Booted up 1 node, 2 CPUs
[    4.456897] smpboot: Total of 2 processors activated (7200.00 BogoMIPS)
[    4.490042] devtmpfs: initialized
[    4.509253] evm: security.selinux
[    4.524173] evm: security.SMACK64
[    4.538740] evm: security.SMACK64EXEC
[    4.557433] evm: security.SMACK64TRANSMUTE
[    4.575406] evm: security.SMACK64MMAP
[    4.591177] evm: security.ima
[    4.610537] evm: security.capability
[    4.626850] clocksource: jiffies: mask: 0xffffffff max_cycles: 0xffffffff, max_idle_ns: 7645041785100000 ns
[    4.663798] futex hash table entries: 512 (order: 3, 32768 bytes)
[    4.686856] pinctrl core: initialized pinctrl subsystem
[    4.707860] RTC time:  9:21:06, date: 10/02/17
[    4.752476] NET: Registered protocol family 16
[    4.788290] cpuidle: using governor ladder
[    4.811016] cpuidle: using governor menu
[    4.827581] PCCT header not found.
[    4.851115] ACPI: bus type PCI registered
[    4.887571] acpiphp: ACPI Hot Plug PCI Controller Driver version: 0.5
[    4.912225] PCI: Using configuration type 1 for base access
[    4.944322] ACPI: Added _OSI(Module Device)
[    4.961948] ACPI: Added _OSI(Processor Device)
[    4.980153] ACPI: Added _OSI(3.0 _SCP Extensions)
[    5.000916] ACPI: Added _OSI(Processor Aggregator Device)
[    5.052046] ACPI: Executed 1 blocks of module-level executable AML code
[    5.089468] ACPI: Interpreter enabled
[    5.105372] ACPI: (supports S0 S5)
[    5.120838] ACPI: Using IOAPIC for interrupt routing
[    5.141135] PCI: Using host bridge windows from ACPI; if necessary, use "pci=nocrs" and report a bug
[    5.210458] ACPI: PCI Root Bridge [PCI0] (domain 0000 [bus 00-ff])
[    5.234194] acpi PNP0A03:00: _OSC: OS supports [ASPM ClockPM Segments MSI]
[    5.258530] acpi PNP0A03:00: _OSC: not requesting OS control; OS requires [ExtendedConfig ASPM ClockPM MSI]
[    5.321925] acpi PNP0A03:00: fail to add MMCONFIG information, can't access extended PCI configuration space under this bridge.
[    5.370841] PCI host bridge to bus 0000:00
[    5.387466] pci_bus 0000:00: root bus resource [io  0x0000-0x0cf7 window]
[    5.411811] pci_bus 0000:00: root bus resource [io  0x0d00-0xffff window]
[    5.449273] pci_bus 0000:00: root bus resource [mem 0x000a0000-0x000bffff window]
[    5.501185] pci_bus 0000:00: root bus resource [mem 0x20000000-0xffdfffff window]
[    5.582677] pci_bus 0000:00: root bus resource [bus 00-ff]
[    5.644783] pci 0000:00:01.1: legacy IDE quirk: reg 0x10: [io  0x01f0-0x01f7]
[    5.686775] pci 0000:00:01.1: legacy IDE quirk: reg 0x14: [io  0x03f6]
[    5.729677] pci 0000:00:01.1: legacy IDE quirk: reg 0x18: [io  0x0170-0x0177]
[    5.755907] pci 0000:00:01.1: legacy IDE quirk: reg 0x1c: [io  0x0376]
[    5.985408] pci 0000:00:07.0: quirk: [io  0x4000-0x403f] claimed by PIIX4 ACPI
[    6.020679] pci 0000:00:07.0: quirk: [io  0x4100-0x410f] claimed by PIIX4 SMB
[    6.118755] ACPI: PCI Interrupt Link [LNKA] (IRQs 5 9 10 *11)
[    6.341092] ACPI: PCI Interrupt Link [LNKB] (IRQs 5 9 10 *11)
[    6.375027] ACPI: PCI Interrupt Link [LNKC] (IRQs 5 9 *10 11)
[    6.412130] ACPI: PCI Interrupt Link [LNKD] (IRQs 5 *9 10 11)
[    6.447807] ACPI: Enabled 2 GPEs in block 00 to 07
[    6.475361] vgaarb: setting as boot device: PCI:0000:00:02.0
[    6.496508] vgaarb: device added: PCI:0000:00:02.0,decodes=io+mem,owns=io+mem,locks=none
[    6.531114] vgaarb: loaded
[    6.544359] vgaarb: bridge control possible 0000:00:02.0
[    6.571508] SCSI subsystem initialized
[    6.590002] ACPI: bus type USB registered
[    6.609532] usbcore: registered new interface driver usbfs
[    6.630046] usbcore: registered new interface driver hub
[    6.654367] usbcore: registered new device driver usb
[    6.681340] PCI: Using ACPI for IRQ routing
[    6.703457] NetLabel: Initializing
[    6.718292] NetLabel:  domain hash size = 128
[    6.752684] NetLabel:  protocols = UNLABELED CIPSOv4
[    6.800570] NetLabel:  unlabeled traffic allowed by default
[    6.853247] amd_nb: Cannot enumerate AMD northbridges
[    6.922825] clocksource: Switched to clocksource kvm-clock
[    6.983054] AppArmor: AppArmor Filesystem Enabled
[    7.014458] pnp: PnP ACPI init
[    7.042117] pnp: PnP ACPI: found 3 devices
[    7.084726] clocksource: acpi_pm: mask: 0xffffff max_cycles: 0xffffff, max_idle_ns: 2085701024 ns
[    7.166883] NET: Registered protocol family 2
[    7.196849] TCP established hash table entries: 4096 (order: 3, 32768 bytes)
[    7.240713] TCP bind hash table entries: 4096 (order: 4, 65536 bytes)
[    7.267103] TCP: Hash tables configured (established 4096 bind 4096)
[    7.306158] UDP hash table entries: 256 (order: 1, 8192 bytes)
[    7.327917] UDP-Lite hash table entries: 256 (order: 1, 8192 bytes)
[    7.351204] NET: Registered protocol family 1
[    7.369000] pci 0000:00:00.0: Limiting direct PCI/PCI transfers
[    7.391504] pci 0000:00:01.0: Activating ISA DMA hang workarounds
[    7.416359] Unpacking initramfs...
[   11.968746] Freeing initrd memory: 10800K
[   11.987183] RAPL PMU detected, API unit is 2^-32 Joules, 3 fixed counters 10737418240 ms ovfl timer
[   12.061060] hw unit of domain pp0-core 2^-0 Joules
[   12.091063] hw unit of domain package 2^-0 Joules
[   12.117060] hw unit of domain dram 2^-0 Joules
[   12.139358] platform rtc_cmos: registered platform RTC device (no PNP device found)
[   12.211102] Scanning for low memory corruption every 60 seconds
[   12.241882] audit: initializing netlink subsys (disabled)
[   12.268852] audit: type=2000 audit(1506936077.804:1): initialized
[   12.293342] Initialise system trusted keyring
[   12.314277] HugeTLB registered 2 MB page size, pre-allocated 0 pages
[   12.341757] zbud: loaded
[   12.379879] VFS: Disk quotas dquot_6.6.0
[   12.417900] VFS: Dquot-cache hash table entries: 512 (order 0, 4096 bytes)
[   12.447829] squashfs: version 4.0 (2009/01/31) Phillip Lougher
[   12.474452] fuse init (API version 7.23)
[   12.492070] Key type big_key registered
[   12.508924] Allocating IMA MOK and blacklist keyrings.
[   12.580017] Key type asymmetric registered
[   12.618327] Asymmetric key parser 'x509' registered
[   12.658793] Block layer SCSI generic (bsg) driver version 0.4 loaded (major 249)
[   12.743183] io scheduler noop registered
[   12.807966] io scheduler deadline registered (default)
[   12.850664] io scheduler cfq registered
[   12.869268] pci_hotplug: PCI Hot Plug PCI Core version: 0.5
[   12.908169] pciehp: PCI Express Hot Plug Controller Driver version: 0.4
[   12.935642] ACPI: AC Adapter [AC] (on-line)
[   12.965907] input: Power Button as /devices/LNXSYSTM:00/LNXPWRBN:00/input/input0
[   13.025086] ACPI: Power Button [PWRF]
[   13.044496] input: Sleep Button as /devices/LNXSYSTM:00/LNXSLPBN:00/input/input1
[   13.079895] ACPI: Sleep Button [SLPF]
[   13.100512] GHES: HEST is not enabled!
[   13.119361] Serial: 8250/16550 driver, 32 ports, IRQ sharing enabled
[   13.214376] 00:02: ttyS0 at I/O 0x3f8 (irq = 4, base_baud = 115200) is a 16550A
[   13.248504] Linux agpgart interface v0.103
[   13.283521] loop: module loaded
[   13.303998] scsi host0: ata_piix
[   13.321052] scsi host1: ata_piix
[   13.336840] ata1: PATA max UDMA/33 cmd 0x1f0 ctl 0x3f6 bmdma 0xd000 irq 14
[   13.370000] ata2: PATA max UDMA/33 cmd 0x170 ctl 0x376 bmdma 0xd008 irq 15
[   13.404804] libphy: Fixed MDIO Bus: probed
[   13.422086] tun: Universal TUN/TAP device driver, 1.6
[   13.441851] tun: (C) 1999-2004 Max Krasnyansky <maxk@qualcomm.com>
[   13.465431] PPP generic driver version 2.4.2
[   13.483837] ehci_hcd: USB 2.0 'Enhanced' Host Controller (EHCI) Driver
[   13.507213] ehci-pci: EHCI PCI platform driver
[   13.525443] ehci-platform: EHCI generic platform driver
[   13.545694] ohci_hcd: USB 1.1 'Open' Host Controller (OHCI) Driver
[   13.570214] ohci-pci: OHCI PCI platform driver
[   13.588298] ohci-platform: OHCI generic platform driver
[   13.608641] uhci_hcd: USB Universal Host Controller Interface driver
[   13.632449] i8042: PNP: PS/2 Controller [PNP0303:PS2K,PNP0f03:PS2M] at 0x60,0x64 irq 1,12
[   13.673801] serio: i8042 KBD port at 0x60,0x64 irq 1
[   13.693721] serio: i8042 AUX port at 0x60,0x64 irq 12
[   13.714621] mousedev: PS/2 mouse device common for all mice
[   13.741608] rtc_cmos rtc_cmos: rtc core: registered rtc_cmos as rtc0
[   13.789899] input: AT Translated Set 2 keyboard as /devices/platform/i8042/serio0/input/input2
[   13.876944] rtc_cmos rtc_cmos: alarms up to one day, 114 bytes nvram
[   13.926548] i2c /dev entries driver
[   13.947409] device-mapper: uevent: version 1.0.3
[   13.988711] device-mapper: ioctl: 4.34.0-ioctl (2015-10-28) initialised: dm-devel@redhat.com
[   14.121420] ledtrig-cpu: registered to indicate activity on CPUs
[   14.204018] NET: Registered protocol family 10
[   14.225742] NET: Registered protocol family 17
[   14.271502] Key type dns_resolver registered
[   14.301702] microcode: CPU0 sig=0x206d7, pf=0x4, revision=0x616
[   14.328849] microcode: CPU1 sig=0x206d7, pf=0x4, revision=0x616
[   14.355325] microcode: Microcode Update Driver: v2.01 <tigran@aivazian.fsnet.co.uk>, Peter Oruba
[   14.399143] registered taskstats version 1
[   14.421729] Loading compiled-in X.509 certificates
[   14.459537] Loaded X.509 cert 'Build time autogenerated kernel key: b1a6ea8776bed2812c00d8a799f968274ef48628'
[   14.502594] zswap: loaded using pool lzo/zbud
[   14.532417] Key type trusted registered
[   14.571449] Key type encrypted registered
[   14.590263] AppArmor: AppArmor sha1 policy hashing enabled
[   14.613882] ima: No TPM chip found, activating TPM-bypass!
[   14.639327] evm: HMAC attrs: 0x1
[   14.672842]   Magic number: 5:948:372
[   14.693462] rtc_cmos rtc_cmos: setting system clock to 2017-10-02 09:21:16 UTC (1506936076)
[   14.733805] BIOS EDD facility v0.16 2004-Jun-25, 0 devices found
[   14.760097] EDD information not available.
[   14.792513] Freeing unused kernel memory: 1492K
[   14.825600] Write protecting the kernel read-only data: 14336k
[   14.860023] Freeing unused kernel memory: 1748K
[   14.900837] Freeing unused kernel memory: 112K
Loading, please wait...
starting version[   14.990222] random: systemd-udevd: uninitialized urandom read (16 bytes read, 4 bits of entropy available)
 229
[   14.992709] random: udevadm: uninitialized urandom read (16 bytes read, 4 bits of entropy available)
[   14.992812] random: udevadm: uninitialized urandom read (16 bytes read, 4 bits of entropy available)
[   14.993167] random: udevadm: uninitialized urandom read (16 bytes read, 4 bits of entropy available)
[   14.993322] random: udevadm: uninitialized urandom read (16 bytes read, 4 bits of entropy available)
[   14.993476] random: udevadm: uninitialized urandom read (16 bytes read, 4 bits of entropy available)
[   14.993604] random: udevadm: uninitialized urandom read (16 bytes read, 4 bits of entropy available)
[   14.993760] random: udevadm: uninitialized urandom read (16 bytes read, 4 bits of entropy available)
[   14.993913] random: udevadm: uninitialized urandom read (16 bytes read, 4 bits of entropy available)
[   14.994088] random: udevadm: uninitialized urandom read (16 bytes read, 4 bits of entropy available)
[   15.844180] e1000: Intel(R) PRO/1000 Network Driver - version 7.3.21-k8-NAPI
[   15.877847] e1000: Copyright (c) 1999-2006 Intel Corporation.
[   15.944250] Fusion MPT base driver 3.04.20
[   15.983294] Copyright (c) 1999-2008 LSI Corporation
[   16.155001] AVX version of gcm_enc/dec engaged.
[   16.175474] AES CTR mode by8 optimization enabled
[   16.286187] Fusion MPT SPI Host driver 3.04.20
[   16.355837] input: ImExPS/2 Generic Explorer Mouse as /devices/platform/i8042/serio1/input/input4
[   17.791417] e1000 0000:00:03.0 eth0: (PCI:33MHz:32-bit) 02:d2:3e:0e:ff:c0
[   17.816508] e1000 0000:00:03.0 eth0: Intel(R) PRO/1000 Network Connection
[   17.847668] mptbase: ioc0: Initiating bringup
[   17.849659] e1000 0000:00:03.0 enp0s3: renamed from eth0
[   17.962324] ioc0: LSI53C1030 A0: Capabilities={Initiator}
[   18.267203] scsi host2: ioc0: LSI53C1030 A0, FwRev=00000000h, Ports=1, MaxQ=256, IRQ=20
[   18.445907] scsi 2:0:0:0: Direct-Access     VBOX     HARDDISK         1.0  PQ: 0 ANSI: 5
[   18.478809] scsi target2:0:0: Beginning Domain Validation
[   18.508529] scsi target2:0:0: Domain Validation skipping write tests
[   18.576608] scsi target2:0:0: Ending Domain Validation
[   18.626669] scsi target2:0:0: asynchronous
[   18.654617] scsi 2:0:1:0: Direct-Access     VBOX     HARDDISK         1.0  PQ: 0 ANSI: 5
[   18.687928] scsi target2:0:1: Beginning Domain Validation
[   18.717879] scsi target2:0:1: Domain Validation skipping write tests
[   18.748562] scsi target2:0:1: Ending Domain Validation
[   18.964020] scsi target2:0:1: asynchronous
[   19.019054] sd 2:0:0:0: Attached scsi generic sg0 type 0
[   19.039179] sd 2:0:0:0: [sda] 20971520 512-byte logical blocks: (10.7 GB/10.0 GiB)
[   19.077217] sd 2:0:0:0: [sda] Write Protect is off
[   19.099266] sd 2:0:1:0: [sdb] 20480 512-byte logical blocks: (10.5 MB/10.0 MiB)
[   19.100532] sd 2:0:0:0: [sda] Incomplete mode parameter data
[   19.100534] sd 2:0:0:0: [sda] Assuming drive cache: write through
[   19.109326]  sda: sda1
[   19.112836] sd 2:0:0:0: [sda] Attached SCSI disk
[   19.131056] sd 2:0:1:0: Attached scsi generic sg1 type 0
[   19.290639] sd 2:0:1:0: [sdb] Write Protect is off
[   19.537370] floppy0: no floppy controllers found
[   19.538128] sd 2:0:1:0: [sdb] Incomplete mode parameter data
[   19.538130] sd 2:0:1:0: [sdb] Assuming drive cache: write through
[   19.552711] sd 2:0:1:0: [sdb] Attached SCSI disk
Begin: Loading essential drivers ... [   26.509913] md: linear personality registered for level -1
[   26.545240] md: multipath personality registered for level -4
[   26.581822] md: raid0 personality registered for level 0
[   26.629787] md: raid1 personality registered for level 1
[   26.755152] raid6: sse2x1   gen()  3631 MB/s
[   26.839057] raid6: sse2x1   xor()  3456 MB/s
[   26.939058] raid6: sse2x2   gen()  5558 MB/s
[   27.023043] raid6: sse2x2   xor()  4072 MB/s
[   27.107051] raid6: sse2x4   gen()  6403 MB/s
[   27.191017] raid6: sse2x4   xor()  4782 MB/s
[   27.208246] raid6: using algorithm sse2x4 gen() 6403 MB/s
[   27.228551] raid6: .... xor() 4782 MB/s, rmw enabled
[   27.247506] raid6: using ssse3x2 recovery algorithm
[   27.275608] xor: automatically using best checksumming function:
[   27.406816]    avx       : 16341.000 MB/sec
[   27.444076] async_tx: api initialized (async)
[   27.516089] md: raid6 personality registered for level 6
[   27.549077] md: raid5 personality registered for level 5
[   27.578055] md: raid4 personality registered for level 4
[   27.635450] md: raid10 personality registered for level 10
done.
Begin: Running /scripts/init-premount ... done.
Begin: Mounting root file system ... Begin: Running /scripts/local-top ... done.
Begin: Running /scripts/local-premount ... [   27.826144] Btrfs loaded
Scanning for Btrfs filesystems
done.
Warning: fsck not present, so skipping root file system
[   27.987148] EXT4-fs (sda1): mounted filesystem with ordered data mode. Opts: (null)
done.
Begin: Running /scripts/local-bottom ... done.
Begin: Running /scripts/init-bottom ... done.
[   28.695609] systemd[1]: systemd 229 running in system mode. (+PAM +AUDIT +SELINUX +IMA +APPARMOR +SMACK +SYSVINIT +UTMP +LIBCRYPTSETUP +GCRYPT +GNUTLS +ACL +XZ -LZ4 +SECCOMP +BLKID +ELFUTILS +KMOD -IDN)
[   28.771776] systemd[1]: Detected virtualization oracle.
[   28.794985] systemd[1]: Detected architecture x86-64.

Welcome to [1mUbuntu 16.04.3 LTS[0m!

[   28.858249] systemd[1]: Set hostname to <ubuntu>.
[   28.897709] systemd[1]: Initializing machine ID from random generator.
[   28.921467] systemd[1]: Installed transient /etc/machine-id file.
[   29.211493] random: nonblocking pool is initialized
[   29.495624] systemd[1]: Reached target Encrypted Volumes.
[[0;32m  OK  [0m] Reached target Encrypted Volumes.
[   29.542462] systemd[1]: Listening on udev Control Socket.
[[0;32m  OK  [0m] Listening on udev Control Socket.
[   29.605905] systemd[1]: Reached target Swap.
[[0;32m  OK  [0m] Reached target Swap.
[   29.647423] systemd[1]: Listening on Journal Audit Socket.
[[0;32m  OK  [0m] Listening on Journal Audit Socket.
[   29.696490] systemd[1]: Listening on LVM2 poll daemon socket.
[[0;32m  OK  [0m] Listening on LVM2 poll daemon socket.
[   29.743675] systemd[1]: Listening on Device-mapper event daemon FIFOs.
[[0;32m  OK  [0m] Listening on Device-mapper event daemon FIFOs.
[   29.801128] systemd[1]: Started Trigger resolvconf update for networkd DNS.
[[0;32m  OK  [0m] Started Trigger resolvconf update for networkd DNS.
[   29.868767] systemd[1]: Set up automount Arbitrary Executable File Formats File System Automount Point.
[[0;32m  OK  [0m] Set up automount Arbitrary Executab...ats File System Automount Point.
[   29.938963] systemd[1]: Listening on Journal Socket.
[[0;32m  OK  [0m] Listening on Journal Socket.
[   29.983488] systemd[1]: Reached target User and Group Name Lookups.
[[0;32m  OK  [0m] Reached target User and Group Name Lookups.
[   30.036462] systemd[1]: Created slice User and Session Slice.
[[0;32m  OK  [0m] Created slice User and Session Slice.
[   30.087408] systemd[1]: Created slice System Slice.
[[0;32m  OK  [0m] Created slice System Slice.
[   30.151507] systemd[1]: Mounting Huge Pages File System...
         Mounting Huge Pages File System...
[   30.195671] systemd[1]: Starting Nameserver information manager...
         Starting Nameserver information manager...
[   30.238503] systemd[1]: Created slice system-serial\x2dgetty.slice.
[[0;32m  OK  [0m] Created slice system-serial\x2dgetty.slice.
[   30.303498] systemd[1]: Starting Remount Root and Kernel File Systems...
         [   30.335445] EXT4-fs (sda1): re-mounted. Opts: (null)
Starting Remount Root and Kernel File Systems...
[   30.393129] systemd[1]: Mounting POSIX Message Queue File System...
         Mounting POSIX Message Queue File System...
[   30.447207] systemd[1]: Reached target Slices.
[[0;32m  OK  [0m] Reached target Slices.
[   30.488605] systemd[1]: Starting Create list of required static device nodes for the current kernel...
         Starting Create list of required st... nodes for the current kernel...
[   30.569080] systemd[1]: Listening on /dev/initctl Compatibility Named Pipe.
[[0;32m  OK  [0m] Listening on /dev/initctl Compatibility Named Pipe.
[   30.647494] systemd[1]: Starting Uncomplicated firewall...
         Starting Uncomplicated firewall...
[   30.689207] systemd[1]: Listening on Journal Socket (/dev/log).
[[0;32m  OK  [0m] Listening on Journal Socket (/dev/log).
[   30.758300] systemd[1]: Started Forward Password Requests to Wall Directory Watch.
[[0;32m  OK  [0m] Started Forward Password Requests to Wall Directory Watch.
[   30.843826] systemd[1]: Starting Load Kernel Modules...
         Starting Load Kernel Modules...
[   30.886331] systemd[1]: Listening on LVM2 metadata daemon socket.
[[0;32m  OK  [0[   30.924633] Loading iSCSI transport class v2.0-870.
m] Listening on LVM2 metadata daemon socket.
[   30.963433] systemd[1]: Starting Monitoring of LVM2 mirrors, snapshots etc. using dmeventd or progress polling...
         Starting Monitoring of LVM2 mirrors... dmeventd or progress polling...
[   31.028430] systemd[1]: Listening on udev Kernel Socket.
[   31.055368] iscsi: registered transport (tcp)
[[0;32m  OK  [0m] Listening on udev Kernel Socket.
[   31.096528] systemd[1]: Listening on Syslog Socket.
[[0;32m  OK  [0m] Listening on Syslog Socket.
[   31.176867] systemd[1]: Starting Journal Service...
         Starting Journal Service...
[   31.241610] systemd[1]: Starting Set console keymap...
         Starting Set console keymap...
[   31.315347] systemd[1]: Mounting Debug File System...
         Mounting Debug File System...
[   31.380120] systemd[1]: Mounted Debug File System.
[[0;32m  OK  [0m] Mounted Debug File System.
[   31.427114] systemd[1]: Mounted Huge Pages File System.
[   31.427944] iscsi: registered transport (iser)
[[0;32m  OK  [0m] Mounted Huge Pages File System.
[   31.492503] systemd[1]: Mounted POSIX Message Queue File System.
[[0;32m  OK  [0m] Mounted POSIX Message Queue File System.
[   31.540200] systemd[1]: Started Journal Service.
[[0;32m  OK  [0m] Started Journal Service.
[[0;32m  OK  [0m] Started Remount Root and Kernel File Systems.
[[0;32m  OK  [0m] Started Create list of required sta...ce nodes for the current kernel.
[[0;32m  OK  [0m] Started Uncomplicated firewall.
[[0;32m  OK  [0m] Started Load Kernel Modules.
[[0;32m  OK  [0m] Started Set console keymap.
[[0;32m  OK  [0m] Started Nameserver information manager.
[[0;32m  OK  [0m] Started LVM2 metadata daemon.
         Mounting FUSE Control File System...
         Starting Apply Kernel Variables...
         Starting Create Static Device Nodes in /dev...
         Starting udev Coldplug all Devices...
         Starting Initial cloud-init job (pre-networking)...
         Starting Load/Save Random Seed...
         Starting Flush Journal to Persistent Storage...
[[0;32m  OK  [0m] Mounted FUSE Control File System.
[[0;32m  OK  [0m] Started Apply Kernel Variables.
[[0;32m  OK  [0m] Started Load/Save Random Seed.
[[0;32m  OK  [0m] Started Create Static Device Nodes in /dev.
[[0;32m  OK  [0m] Started udev Coldplug all Devices.
[[0;32m  OK  [0m] Started Monitoring of LVM2 mirrors,...ng dmeventd or progress polling.
[[0;32m  OK  [0m] Started Flush Journal to Persistent Storage.
         Starting udev Kernel Device Manager...
[[0;32m  OK  [0m] Started udev Kernel Device Manager.
[[0;32m  OK  [0m] Started Dispatch Password Requests to Console Directory Watch.
[[0;32m  OK  [0m] Reached target Local File Systems (Pre).
[[0;32m  OK  [0m] Reached target Local File Systems.
         Starting LSB: AppArmor initialization...
         Starting Commit a transient machine-id on disk...
         Starting Tell Plymouth To Write Out Runtime Data...
         Starting Set console font and keymap...
         Starting Create Volatile Files and Directories...
[[0;32m  OK  [0m] Started Commit a transient machine-id on disk.
[[0;32m  OK  [0m] Started Tell Plymouth To Write Out Runtime Data.
[[0;32m  OK  [0m] Started Create Volatile Files and Directories.
[[0;32m  OK  [0m] Reached target System Time Synchronized.
         Starting Update UTMP about System Boot/Shutdown...
[[0;32m  OK  [0m] Started Update UTMP about System Boot/Shutdown.
[[0;32m  OK  [0m] Found device /dev/ttyS0.
[[0;32m  OK  [0m] Listening on Load/Save RF Kill Switch Status /dev/rfkill Watch.
[[0;32m  OK  [0m] Started LSB: AppArmor initialization.
[   31.943710] cloud-init[453]: Cloud-init v. 0.7.9 running 'init-local' at Mon, 02 Oct 2017 09:21:37 +0000. Up 30.62 seconds.
[[0;32m  OK  [0m] Started Initial cloud-init job (pre-networking).
[[0;32m  OK  [0m] Reached target Network (Pre).
         Starting Raise network interfaces...
[[0;32m  OK  [0m] Started Set console font and keymap.
[[0;32m  OK  [0m] Created slice system-getty.slice.
[[0;32m  OK  [0m] Started Raise network interfaces.
         Starting Initial cloud-init job (metadata service crawler)...
[[0;32m  OK  [0m] Reached target Network.
[   48.314082] cloud-init[932]: Cloud-init v. 0.7.9 running 'init' at Mon, 02 Oct 2017 09:21:53 +0000. Up 46.38 seconds.
[   48.362103] cloud-init[932]: ci-info: +++++++++++++++++++++++++++++++++++++Net device info++++++++++++++++++++++++++++++++++++++
[   48.403721] cloud-init[932]: ci-info: +--------+------+----------------------------+---------------+-------+-------------------+
[[0;32m  OK  [0m] Started Initial cloud-init job (metadata service crawler).
[[0;32m  OK  [0m] Reached target System Initialization.
[[0;32m  OK  [0m] Listening on D-Bus System Message Bus Socket.
[   48.444921] cloud-init[932]: ci-info: | Device |  Up  |          Address           |      Mask     | Scope |     Hw-Address    |
         Starting LXD - unix socket.
[   48.526661] cloud-init[932]: ci-info: +--------+------+----------------------------+---------------+-------+-------------------+
[[   48.571762] cloud-init[932]: ci-info: | enp0s3 | True |         10.0.2.15          | 255.255.255.0 |   .   | 02:d2:3e:0e:ff:c0 |
[   48.578678] cloud-init[932]: ci-info: | enp0s3 | True | fe80::d2:3eff:fe0e:ffc0/64 |       .       |  link | 02:d2:3e:0e:ff:c0 |
[   48.583887] cloud-init[932]: ci-info: |   lo   | True |         127.0.0.1          |   255.0.0.0   |   .   |         .         |
[   48.583973] cloud-init[932]: ci-info: |   lo   | True |          ::1/128           |       .       |  host |         .         |
[   48.584096] cloud-init[932]: ci-info: +--------+------+----------------------------+---------------+-------+-------------------+
[0;32m  OK  [0m] Listening on ACPID Listen Socket.
[[   48.584197] cloud-init[932]: ci-info: +++++++++++++++++++++++++++Route IPv4 info++++++++++++++++++++++++++++
[   48.714798] cloud-init[932]: ci-info: +-------+-------------+----------+---------------+-----------+-------+
[   48.725274] cloud-init[932]: ci-info: | Route | Destination | Gateway  |    Genmask    | Interface | Flags |
[0;32m  OK  [0m] Started Daily Cleanup of Temporary Directories.
[   48.725371] cloud-init[932]: ci-info: +-------+-------------+----------+---------------+-----------+-------+
[   48.850609] cloud-init[932]: ci-info: |   0   |   0.0.0.0   | 10.0.2.2 |    0.0.0.0    |   enp0s3  |   UG  |
[   48.876136] cloud-init[932]: ci-info: |   1   |   10.0.2.0  | 0.0.0.0  | 255.255.255.0 |   enp0s3  |   U   |
[   48.902765] cloud-init[932]: ci-info: +-------+-------------+----------+---------------+-----------+-------+
[   48.928096] cloud-init[932]: Generating public/private rsa key pair.
[   48.946957] cloud-init[932]: Your identification has been saved in /etc/ssh/ssh_host_rsa_key.
[   48.974181] cloud-init[932]: Your public key has been saved in /etc/ssh/ssh_host_rsa_key.pub.
[   48.997976] cloud-init[932]: The key fingerprint is:
[   49.014313] cloud-init[932]: SHA256:pnIScdS5ZB0Ko+YkbyTxAIWNectuwpX42Y0woGqkeJY root@ubuntu-xenial
[   49.040915] cloud-init[932]: The key's randomart image is:
         [   49.048661] Starting Socket activation for snappy daemon.cloud-init
[932]: +---[RSA 2048]----+
[   49.048802] cloud-init[932]: |.B+   +. o..     |
[   49.099395] cloud-init[932]: |+.o+ o o=..      |
[   49.115369] cloud-init[932]: |.o=.O .o..       |
[[   49.133828] cloud-init[932]: |.oo& o  .        |
[   49.150244] cloud-init[932]: |*.o.X o S        |
[0;32m  OK  [0m] Started Timer to automatically fetch and run repair assertions.
[   49.150368] cloud-init[932]: |=oE+ + +         |
[   49.197180] cloud-init[932]: |.=  o o          |
[   49.210287] cloud-init[932]: |     +           |
[   49.222778] cloud-init[932]: |                 |
[[0;32m  OK  [0m] Started ACPI Events Check.
[   49.228830] cloud-init[932]: +----[SHA256]-----+
[   49.265698] cloud-init[932]: Generating public/private dsa key pair.
[   49.268280] cloud-init[932]: Your identification has been saved in /etc/ssh/ssh_host_dsa_key.
[[0;32m  OK  [0m] Reached target Paths.
[   49.268367] cloud-init[932]: Your public key has been saved in /etc/ssh/ssh_host_dsa_key.pub.
[   49.499863] cloud-init[932]: The key fingerprint is:
[   49.530372] cloud-init[932]: SHA256:gTH0RR+4AuZl/FI+fOC3kU5QUTwxnZMEZZrnjUL4W0Q root@ubuntu-xenial
[   49.590829] cloud-init[932]: The key's randomart image is:
[   49.623656] cloud-init[932]: +---[DSA 1024]----+
[   49.671455] cloud-init[932]: |     .+. .oo+=E*o|
[   49.676526] cloud-init[932]: |      o=+.=o o*=.|
[   49.676664] cloud-init[932]: |     o.+o*.+o+.o.|
[   49.679291] cloud-init[932]: |      . o.Bo*.o..|
[   49.679377] cloud-init[932]: |        So *ooo..|
[[0;32m  OK  [0m] Listening on UUID daemon activation socket.
[   49.679499] cloud-init[932]: |            o+   |
[   49.871671] cloud-init[932]: |            .    |
[   49.874203] cloud-init[932]: |                 |
[[0;32m  OK  [0m] Started Timer to automatically refresh installed snaps.
[   49.874290] cloud-init[932]: |                 |
[   50.107913] cloud-init[932]: +----[SHA256]-----+
[   50.153131] cloud-init[932]: Generating public/private ecdsa key pair.
[   50.158032] cloud-init[932]: Your identification has been saved in /etc/ssh/ssh_host_ecdsa_key.
[   50.163426] cloud-init[932]: Your public key has been saved in /etc/ssh/ssh_host_ecdsa_key.pub.
[   50.171113] cloud-init[932]: The key fingerprint is:
[   50.178854] cloud-init[932]: SHA256:jm8TH3II9XzxFQjLXLHI/3GtY4TfNdr6lDpMMvUls0Y root@ubuntu-xenial
[   50.183926] cloud-init[932]: The key's randomart image is:
[   50.191635] cloud-init[932]: +---[ECDSA 256]---+
[   50.204160] cloud-init[932]: |           ..oo..|
[   50.209372] cloud-init[932]: |        . + =.. .|
[   50.209463] cloud-init[932]: |       . o * + . |
[[0;32m  OK  [0m] Reached target Cloud-config availability.
[[0;32m  OK  [0m] Reached target Network is Online.
[   50.209695] cloud-init[932]: |      .   o ooE o|
[   50.364758] cloud-init[932]: |       .S. .ooo*=|
[   50.369703] cloud-init[932]: |       o+ oo +*+*|
[   50.372521] cloud-init[932]: |      . .= .=o==.|
[[0;32m  OK  [0m] Started Daily apt download activities.
[   50.373227] cloud-init[932]: |       .o .  ++. |
[[   50.429175] cloud-init[932]: |       ...   oo. |
[   50.443802] cloud-init[932]: +----[SHA256]-----+
[   50.457460] cloud-init[932]: Generating public/private ed25519 key pair.
[   50.473398] cloud-init[932]: Your identification has been saved in /etc/ssh/ssh_host_ed25519_key.
[   50.473592] cloud-init[932]: Your public key has been saved in /etc/ssh/ssh_host_ed25519_key.pub.
[0;32m  OK  [0m] Started Daily apt upgrade and clean activities.
[[   50.473740] cloud-init[932]: The key fingerprint is:
[   50.594469] cloud-init[932]: SHA256:7Ko+Tw5rXt44bUGyHD1SkO80Gq3X7/0KaC5oCkCjvYo root@ubuntu-xenial
[   50.597418] cloud-init[932]: The key's randomart image is:
[   50.597510] cloud-init[932]: +--[ED25519 256]--+
[0;32m  OK  [0m] Reached target Timers.
[   50.597735] cloud-init[932]: |      .o         |
[   50.762425] cloud-init[932]: |      . .        |
[   50.767529] cloud-init[932]: | o     =         |
[   50.770111] cloud-init[932]: |o..   =.O        |
         Starting iSCSI initiator daemon (iscsid)...
[   50.770235] cloud-init[932]: |o .  . %S+       |
[   50.918040] cloud-init[932]: | . .  =.+ ..     |
[   50.918133] cloud-init[932]: |  o . o+..o..    |
[[0;32m  OK  [0m] Listening on LXD - unix socket.
[   50.918254] cloud-init[932]: |.. .oB+++o  .o   |
[   51.034245] cloud-init[932]: |E  +***o..... oo.|
[   51.065118] cloud-init[932]: +----[SHA256]-----+
[[0;32m  OK  [0m] Listening on Socket activation for snappy daemon.
[[0;32m  OK  [0m] Reached target Sockets.
[[0;32m  OK  [0m] Reached target Basic System.
         Starting Apply the settings specified in cloud-config...
         Starting Accounts Service...
         Starting LSB: Record successful boot for GRUB...
         Starting Login Service...
[[0;32m  OK  [0m] Started D-Bus System Message Bus.
[[0;32m  OK  [0m] Started Unattended Upgrades Shutdown.
         Starting Snappy daemon...
[[0;32m  OK  [0m] Started ACPI event daemon.
[[0;32m  OK  [0m] Started Deferred execution scheduler.
         Starting LSB: MD monitoring daemon...
         Starting Pollinate to seed the pseudo random number generator...
         Starting /etc/rc.local Compatibility...
         Starting System Logging Service...
[[0;32m  OK  [0m] Started FUSE filesystem for LXC.
[[0;32m  OK  [0m] Started Regular background program processing daemon.
         Starting LXD - container startup/shutdown...
[[0;32m  OK  [0m] Started iSCSI initiator daemon (iscsid).
[[0;32m  OK  [0m] Started /etc/rc.local Compatibility.
[[0;32m  OK  [0m] Started System Logging Service.
[[0;32m  OK  [0m] Started LSB: Record successful boot for GRUB.
[[0;32m  OK  [0m] Started Login Service.
[[0;32m  OK  [0m] Started LSB: MD monitoring daemon.
         Starting Authenticate and Authorize Users to Run Privileged Tasks...
         Starting Login to default iSCSI targets...
[[0;32m  OK  [0m] Started Snappy daemon.
[   53.295230] cloud-init[1030]: Generating locales (this might take a while)...
[[0;32m  OK  [0m] Started Authenticate and Authorize Users to Run Privileged Tasks.
[[0;32m  OK  [0m] Started Accounts Service.
[[0;32m  OK  [0m] Started LXD - container startup/shutdown.
         Starting Auto import assertions from block devices...
[[0;32m  OK  [0m] Started Auto import assertions from block devices.
[[0;32m  OK  [0m] Started Login to default iSCSI targets.
[[0;32m  OK  [0m] Reached target Remote File Systems (Pre).
[[0;32m  OK  [0m] Reached target Remote File Systems.
         Starting LSB: daemon to balance interrupts for SMP systems...
         Starting LSB: automatic crash report generation...
         Starting Permit User Sessions...
         Starting LSB: VirtualBox Linux Additions...
         Starting LSB: Set the CPU Frequency Scaling governor to "ondemand"...
[[0;32m  OK  [0m] Started Pollinate to seed the pseudo random number generator.
[[0;32m  OK  [0m] Started Permit User Sessions.
[[0;32m  OK  [0m] Started LSB: daemon to balance interrupts for SMP systems.
         Starting Terminate Plymouth Boot Screen...
         Starting Hold until boot process finishes up...
         Starting OpenBSD Secure Shell server...
[[0;32m  OK  [0m] Started LSB: automatic crash report generation.
[[0;32m  OK  [0m] Started LSB: VirtualBox Linux Additions.
[[0;32m  OK  [0m] Started LSB: Set the CPU Frequency Scaling governor to "ondemand".
[[0;32m  OK  [0m] Started Terminate Plymouth Boot Screen.
[[0;32m  OK  [0m] Started Hold until boot process finishes up.
[[0;32m  OK  [0m] Started OpenBSD Secure Shell server.
         Starting Set console scheme...
[[0;32m  OK  [0m] Started Serial Getty on ttyS0.
[[0;32m  OK  [0m] Started Getty on tty1.
[[0;32m  OK  [0m] Reached target Login Prompts.
[[0;32m  OK  [0m] Reached target Multi-User System.
[[0;32m  OK  [0m] Reached target Graphical Interface.
         Starting Update UTMP about System Runlevel Changes...
[[0;32m  OK  [0m] Started Set console scheme.
[[0;32m  OK  [0m] Started Update UTMP about System Runlevel Changes.
[   56.263917] cloud-init[1030]:   en_US.UTF-8... done
[   56.314705] cloud-init[1030]: Generation complete.
         Stopping OpenBSD Secure Shell server...
[[0;32m  OK  [0m] Stopped OpenBSD Secure Shell server.
         Starting OpenBSD Secure Shell server...
[[0;32m  OK  [0m] Started OpenBSD Secure Shell server.
[[0;32m  OK  [0m] Created slice User Slice of ubuntu.
         Starting User Manager for UID 1000...
[[0;32m  OK  [0m] Started Session 1 of user ubuntu.
[[0;32m  OK  [0m] Started User Manager for UID 1000.
[   57.950172] cloud-init[1030]: Cloud-init v. 0.7.9 running 'modules:config' at Mon, 02 Oct 2017 09:21:59 +0000. Up 52.36 seconds.
[[0;32m  OK  [0m] Started Apply the settings specified in cloud-config.
         Starting Execute cloud user/final scripts...
ci-info: no authorized ssh keys fingerprints found for user ubuntu.
<14>Oct  2 09:22:07 ec2: 
<14>Oct  2 09:22:07 ec2: #######[   60.552249] cloud-init[1381]: Cloud-init v. 0.7.9 running 'modules:final' at Mon, 02 Oct 2017 09:22:06 +0000. Up 59.19 seconds.
[   60.553240] cloud-init[1381]: ci-info: no authorized ssh keys fingerprints found for user ubuntu.
[   60.556952] cloud-init[1381]: Cloud-init v. 0.7.9 finished at Mon, 02 Oct 2017 09:22:07 +0000. Datasource DataSourceNoCloud [seed=/dev/sdb][dsmode=net].  Up 60.52 seconds

Ubuntu 16.04.3 LTS ubuntu-xenial ttyS0

ubuntu-xenial login: 